******************************************************************************
        TMS320C2000 COFF Linker PC v4.1.3                      
******************************************************************************
>> Linked Mon May 25 20:15:29 2015

OUTPUT FILE NAME:   <./Debug/DSP_B.out>
ENTRY POINT SYMBOL: "_c_int00"  address: 003d8485


MEMORY CONFIGURATION

                  name            origin    length      used    attr    fill
         ----------------------  --------  ---------  --------  ----  --------
PAGE  0: RAML0                   00008000   00001000  0000001d  RWIX
         FLASH                   003d8000   0001ff80  00000676  RWIX
         BEGIN                   003f7ff6   00000002  00000002  RWIX
         ROM                     003ff000   00000fc0  00000000  RWIX
         RESET                   003fffc0   00000002  00000000  RWIX
         VECTORS                 003fffc2   0000003e  00000000  RWIX

PAGE  1: RAMM0                   00000000   00000400  00000190  RWIX
         RAMM1                   00000400   00000400  00000000  RWIX
         DEV_EMU                 00000880   00000180  000000d0  RWIX
         FLASH_REGS              00000a80   00000060  00000008  RWIX
         CSM                     00000ae0   00000010  00000010  RWIX
         XINTF                   00000b20   00000020  00000020  RWIX
         CPU_TIMER0              00000c00   00000008  00000008  RWIX
         CPU_TIMER1              00000c08   00000008  00000008  RWIX
         CPU_TIMER2              00000c10   00000008  00000008  RWIX
         PIE_CTRL                00000ce0   00000020  0000001a  RWIX
         PIE_VECT                00000d00   00000100  00000100  RWIX
         ECANA                   00006000   00000040  00000034  RWIX
         ECANA_LAM               00006040   00000040  00000040  RWIX
         ECANA_MOTS              00006080   00000040  00000040  RWIX
         ECANA_MOTO              000060c0   00000040  00000040  RWIX
         ECANA_MBOX              00006100   00000100  00000100  RWIX
         SYSTEM                  00007010   00000020  00000020  RWIX
         SPIA                    00007040   00000010  00000010  RWIX
         SCIA                    00007050   00000010  00000010  RWIX
         XINTRUPT                00007070   00000010  00000010  RWIX
         GPIOMUX                 000070c0   00000020  00000020  RWIX
         GPIODAT                 000070e0   00000020  00000020  RWIX
         ADC                     00007100   00000020  0000001a  RWIX
         EVA                     00007400   00000040  00000032  RWIX
         EVB                     00007500   00000040  00000032  RWIX
         SCIB                    00007750   00000010  00000010  RWIX
         MCBSPA                  00007800   00000040  00000025  RWIX
         RAML1                   00009000   00001000  000000a0  RWIX
         CSM_PWL                 003f7ff8   00000008  00000008  RWIX
         RAMH0                   003f8000   00002000  00000000  RWIX


SECTION ALLOCATION MAP

 output                                  attributes/
section   page    origin      length       input sections
--------  ----  ----------  ----------   ----------------
.const     0    003d8000    00000000     UNINITIALIZED

IQmath     0    003d8000    00000000     UNINITIALIZED

.text      0    003d8000    00000530     
                  003d8000    00000008     DSP281x_CodeStartBranch.obj (.text)
                  003d8008    0000014f     DSP281x_DefaultIsr.obj (.text)
                  003d8157    00000015     DSP281x_MemCopy.obj (.text)
                  003d816c    00000028     DSP281x_PieCtrl.obj (.text)
                  003d8194    00000020     DSP281x_PieVect.obj (.text)
                  003d81b4    0000008a     DSP281x_SysCtrl.obj (.text)
                  003d823e    0000010d     dualram.obj (.text)
                  003d834b    00000078     main.obj (.text)
                  003d83c3    00000025     systemCrc16.obj (.text)
                  003d83e8    00000089     systemExternalInterrupt.obj (.text)
                  003d8471    00000014     systemInterrupt.obj (.text)
                  003d8485    00000044     rts2800_ml.lib : boot.obj (.text)
                  003d84c9    0000004a                    : exit.obj (.text)
                  003d8513    00000009                    : _lock.obj (.text)
                  003d851c    00000014                    : args_main.obj (.text)

.econst    0    003d8530    00000104     
                  003d8530    00000100     DSP281x_PieVect.obj (.econst)
                  003d8630    00000004     main.obj (.econst)

.cinit     0    003d8634    00000025     
                  003d8634    00000008     main.obj (.cinit)
                  003d863c    00000004     systemExternalInterrupt.obj (.cinit)
                  003d8640    0000000e     rts2800_ml.lib : exit.obj (.cinit)
                  003d864e    0000000a                    : _lock.obj (.cinit)
                  003d8658    00000001     --HOLE-- [fill = 0]

ramfuncs   0    003d8659    0000001d     RUN ADDR = 00008000
                  003d8659    00000019     DSP281x_SysCtrl.obj (ramfuncs)
                  003d8672    00000004     DSP281x_usDelay.obj (ramfuncs)

codestart 
*          0    003f7ff6    00000002     
                  003f7ff6    00000002     DSP281x_CodeStartBranch.obj (codestart)

IQmathTables 
*          0    003ff000    00000000     NOLOAD SECTION

.reset     0    003fffc0    00000002     DSECT
                  003fffc0    00000002     rts2800_ml.lib : boot.obj (.reset)

vectors    0    003fffc2    00000000     DSECT

.data      1    00000000    00000000     UNINITIALIZED

.stack     1    00000000    00000190     UNINITIALIZED

.data2     1    00000400    00000000     UNINITIALIZED

DevEmuRegsFile 
*          1    00000880    000000d0     UNINITIALIZED
                  00000880    000000d0     DSP281x_GlobalVariableDefs.obj (DevEmuRegsFile)

FlashRegsFile 
*          1    00000a80    00000008     UNINITIALIZED
                  00000a80    00000008     DSP281x_GlobalVariableDefs.obj (FlashRegsFile)

CsmRegsFile 
*          1    00000ae0    00000010     UNINITIALIZED
                  00000ae0    00000010     DSP281x_GlobalVariableDefs.obj (CsmRegsFile)

XintfRegsFile 
*          1    00000b20    00000020     UNINITIALIZED
                  00000b20    00000020     DSP281x_GlobalVariableDefs.obj (XintfRegsFile)

CpuTimer0RegsFile 
*          1    00000c00    00000008     UNINITIALIZED
                  00000c00    00000008     DSP281x_GlobalVariableDefs.obj (CpuTimer0RegsFile)

CpuTimer1RegsFile 
*          1    00000c08    00000008     UNINITIALIZED
                  00000c08    00000008     DSP281x_GlobalVariableDefs.obj (CpuTimer1RegsFile)

CpuTimer2RegsFile 
*          1    00000c10    00000008     UNINITIALIZED
                  00000c10    00000008     DSP281x_GlobalVariableDefs.obj (CpuTimer2RegsFile)

PieCtrlRegsFile 
*          1    00000ce0    0000001a     UNINITIALIZED
                  00000ce0    0000001a     DSP281x_GlobalVariableDefs.obj (PieCtrlRegsFile)

PieVectTableFile 
*          1    00000d00    00000100     UNINITIALIZED
                  00000d00    00000100     DSP281x_GlobalVariableDefs.obj (PieVectTableFile)

ECanaRegsFile 
*          1    00006000    00000034     UNINITIALIZED
                  00006000    00000034     DSP281x_GlobalVariableDefs.obj (ECanaRegsFile)

ECanaLAMRegsFile 
*          1    00006040    00000040     UNINITIALIZED
                  00006040    00000040     DSP281x_GlobalVariableDefs.obj (ECanaLAMRegsFile)

ECanaMOTSRegsFile 
*          1    00006080    00000040     UNINITIALIZED
                  00006080    00000040     DSP281x_GlobalVariableDefs.obj (ECanaMOTSRegsFile)

ECanaMOTORegsFile 
*          1    000060c0    00000040     UNINITIALIZED
                  000060c0    00000040     DSP281x_GlobalVariableDefs.obj (ECanaMOTORegsFile)

ECanaMboxesFile 
*          1    00006100    00000100     UNINITIALIZED
                  00006100    00000100     DSP281x_GlobalVariableDefs.obj (ECanaMboxesFile)

SysCtrlRegsFile 
*          1    00007010    00000020     UNINITIALIZED
                  00007010    00000020     DSP281x_GlobalVariableDefs.obj (SysCtrlRegsFile)

SpiaRegsFile 
*          1    00007040    00000010     UNINITIALIZED
                  00007040    00000010     DSP281x_GlobalVariableDefs.obj (SpiaRegsFile)

SciaRegsFile 
*          1    00007050    00000010     UNINITIALIZED
                  00007050    00000010     DSP281x_GlobalVariableDefs.obj (SciaRegsFile)

XIntruptRegsFile 
*          1    00007070    00000010     UNINITIALIZED
                  00007070    00000010     DSP281x_GlobalVariableDefs.obj (XIntruptRegsFile)

GpioMuxRegsFile 
*          1    000070c0    00000020     UNINITIALIZED
                  000070c0    00000020     DSP281x_GlobalVariableDefs.obj (GpioMuxRegsFile)

GpioDataRegsFile 
*          1    000070e0    00000020     UNINITIALIZED
                  000070e0    00000020     DSP281x_GlobalVariableDefs.obj (GpioDataRegsFile)

AdcRegsFile 
*          1    00007100    0000001a     UNINITIALIZED
                  00007100    0000001a     DSP281x_GlobalVariableDefs.obj (AdcRegsFile)

EvaRegsFile 
*          1    00007400    00000032     UNINITIALIZED
                  00007400    00000032     DSP281x_GlobalVariableDefs.obj (EvaRegsFile)

EvbRegsFile 
*          1    00007500    00000032     UNINITIALIZED
                  00007500    00000032     DSP281x_GlobalVariableDefs.obj (EvbRegsFile)

ScibRegsFile 
*          1    00007750    00000010     UNINITIALIZED
                  00007750    00000010     DSP281x_GlobalVariableDefs.obj (ScibRegsFile)

McbspaRegsFile 
*          1    00007800    00000025     UNINITIALIZED
                  00007800    00000025     DSP281x_GlobalVariableDefs.obj (McbspaRegsFile)

.bss       1    00009000    00000000     UNINITIALIZED

.ebss      1    00009000    000000a0     UNINITIALIZED
                  00009000    00000080     rts2800_ml.lib : exit.obj (.ebss)
                  00009080    00000004                    : _lock.obj (.ebss)
                  00009084    0000001b     main.obj (.ebss)
                  0000909f    00000001     systemExternalInterrupt.obj (.ebss)

CsmPwlFile 
*          1    003f7ff8    00000008     UNINITIALIZED
                  003f7ff8    00000008     DSP281x_GlobalVariableDefs.obj (CsmPwlFile)

.sysmem    1    003f8000    00000000     UNINITIALIZED

.esysmem   1    003f8000    00000000     UNINITIALIZED


GLOBAL SYMBOLS: SORTED ALPHABETICALLY BY Name 

address    name
--------   ----
00009000   .bss
00000000   .data
003d8000   .text
003d84ef   C$$EXIT
003d807b   _ADCINT_ISR
003d82ed   _A_Pack
00007100   _AdcRegs
003d831c   _B_Pack
003d80c1   _CAPINT1_ISR
003d80c6   _CAPINT2_ISR
003d80cb   _CAPINT3_ISR
003d8107   _CAPINT4_ISR
003d810c   _CAPINT5_ISR
003d8111   _CAPINT6_ISR
003d808a   _CMP1INT_ISR
003d808f   _CMP2INT_ISR
003d8094   _CMP3INT_ISR
003d80d0   _CMP4INT_ISR
003d80d5   _CMP5INT_ISR
003d80da   _CMP6INT_ISR
003d83c3   _CRC16
00000c00   _CpuTimer0Regs
00000c08   _CpuTimer1Regs
00000c10   _CpuTimer2Regs
003f7ff8   _CsmPwl
00000ae0   _CsmRegs
003d820d   _CsmUnlock
003d8012   _DATALOG_ISR
00008019   _DSP28x_usDelay
00000880   _DevEmuRegs
003d81c6   _DisableDog
003d813e   _ECAN0INTA_ISR
003d8143   _ECAN1INTA_ISR
00006040   _ECanaLAMRegs
000060c0   _ECanaMOTORegs
00006080   _ECanaMOTSRegs
00006100   _ECanaMboxes
00006000   _ECanaRegs
003d8148   _EMPTY_ISR
003d801c   _EMUINT_ISR
003d818b   _EnableInterrupts
00007400   _EvaRegs
00007500   _EvbRegs
00000a80   _FlashRegs
000070e0   _GpioDataRegs
000070c0   _GpioMuxRegs
003d8026   _ILLEGAL_ISR
003d8008   _INT13_ISR
003d800d   _INT14_ISR
0000909f   _INT2FLAG
00008000   _InitFlash
003d81f3   _InitPeripheralClocks
003d816c   _InitPieCtrl
003d8194   _InitPieVectTable
003d81d8   _InitPll
003d81b4   _InitSysCtrl
003d83b7   _Init_LED
003d823e   _Init_XINTF
003d81ce   _KickDog
003d8120   _MRINTA_ISR
003d8125   _MXINTA_ISR
00007800   _McbspaRegs
003d8157   _MemCopy
003d8021   _NMI_ISR
003d8067   _PDPINTA_ISR
003d806c   _PDPINTB_ISR
003d814d   _PIE_RESERVED
00009084   _Parity
00000ce0   _PieCtrlRegs
00000d00   _PieVectTable
003d8530   _PieVectTableInit
003d8017   _RTOSINT_ISR
003d8676   _RamfuncsLoadEnd
003d8659   _RamfuncsLoadStart
00008000   _RamfuncsRunStart
003d826a   _Read_RAM
003d812a   _SCIRXINTA_ISR
003d8134   _SCIRXINTB_ISR
003d812f   _SCITXINTA_ISR
003d8139   _SCITXINTB_ISR
003d8116   _SPIRXINTA_ISR
003d811b   _SPITXINTA_ISR
00007050   _SciaRegs
00007750   _ScibRegs
00007040   _SpiaRegs
00007010   _SysCtrlRegs
003d809e   _T1CINT_ISR
003d80a8   _T1OFINT_ISR
003d8099   _T1PINT_ISR
003d80a3   _T1UFINT_ISR
003d80b2   _T2CINT_ISR
003d80bc   _T2OFINT_ISR
003d80ad   _T2PINT_ISR
003d80b7   _T2UFINT_ISR
003d80e4   _T3CINT_ISR
003d80ee   _T3OFINT_ISR
003d80df   _T3PINT_ISR
003d80e9   _T3UFINT_ISR
003d80f8   _T4CINT_ISR
003d8102   _T4OFINT_ISR
003d80f3   _T4PINT_ISR
003d80fd   _T4UFINT_ISR
003d8080   _TINT0_ISR
003d8058   _USER10_ISR
003d805d   _USER11_ISR
003d8062   _USER12_ISR
003d802b   _USER1_ISR
003d8030   _USER2_ISR
003d8035   _USER3_ISR
003d803a   _USER4_ISR
003d803f   _USER5_ISR
003d8044   _USER6_ISR
003d8049   _USER7_ISR
003d804e   _USER8_ISR
003d8053   _USER9_ISR
003d8290   _Unpack
003d8085   _WAKEINT_ISR
003d8273   _WriteDat
003d825f   _Write_RAM
003d8071   _XINT1_ISR
003d8076   _XINT2_ISR
00007070   _XIntruptRegs
00000b20   _XintfRegs
00000190   __STACK_SIZE
ffffffff   ___binit__
00009000   ___bss__
ffffffff   ___c_args__
003d8634   ___cinit__
00000000   ___data__
00000000   ___edata__
00009000   ___end__
003d8530   ___etext__
ffffffff   ___pinit__
003d8000   ___text__
003d851c   __args_main
00009004   __cleanup_ptr
00009002   __dtors_ptr
00009082   __lock
003d8513   __nop
003d8514   __register_lock
003d8518   __register_unlock
00009080   __unlock
003d8512   _abort
003d84f1   _atexit
00009090   _buf
003d8485   _c_int00
00009086   _dat
003d84c9   _exit
00009085   _flag
003d834b   _main
003d8152   _rsvd_ISR
003d845b   _systemExternalInterrupt2Handle
003d8424   _systemExternalInterruptHandle
003d83e8   _systemExternalInterruptInit
003d8471   _systemInterruptEnable
003d83f4   _system_external_interrupt0_isr
003d840c   _system_external_interrupt1_isr
ffffffff   binit
003d8634   cinit
00000000   edata
00009000   end
003d8530   etext
ffffffff   pinit


GLOBAL SYMBOLS: SORTED BY Symbol Address 

address    name
--------   ----
00000000   edata
00000000   ___edata__
00000000   ___data__
00000000   .data
00000190   __STACK_SIZE
00000880   _DevEmuRegs
00000a80   _FlashRegs
00000ae0   _CsmRegs
00000b20   _XintfRegs
00000c00   _CpuTimer0Regs
00000c08   _CpuTimer1Regs
00000c10   _CpuTimer2Regs
00000ce0   _PieCtrlRegs
00000d00   _PieVectTable
00006000   _ECanaRegs
00006040   _ECanaLAMRegs
00006080   _ECanaMOTSRegs
000060c0   _ECanaMOTORegs
00006100   _ECanaMboxes
00007010   _SysCtrlRegs
00007040   _SpiaRegs
00007050   _SciaRegs
00007070   _XIntruptRegs
000070c0   _GpioMuxRegs
000070e0   _GpioDataRegs
00007100   _AdcRegs
00007400   _EvaRegs
00007500   _EvbRegs
00007750   _ScibRegs
00007800   _McbspaRegs
00008000   _RamfuncsRunStart
00008000   _InitFlash
00008019   _DSP28x_usDelay
00009000   .bss
00009000   ___end__
00009000   ___bss__
00009000   end
00009002   __dtors_ptr
00009004   __cleanup_ptr
00009080   __unlock
00009082   __lock
00009084   _Parity
00009085   _flag
00009086   _dat
00009090   _buf
0000909f   _INT2FLAG
003d8000   .text
003d8000   ___text__
003d8008   _INT13_ISR
003d800d   _INT14_ISR
003d8012   _DATALOG_ISR
003d8017   _RTOSINT_ISR
003d801c   _EMUINT_ISR
003d8021   _NMI_ISR
003d8026   _ILLEGAL_ISR
003d802b   _USER1_ISR
003d8030   _USER2_ISR
003d8035   _USER3_ISR
003d803a   _USER4_ISR
003d803f   _USER5_ISR
003d8044   _USER6_ISR
003d8049   _USER7_ISR
003d804e   _USER8_ISR
003d8053   _USER9_ISR
003d8058   _USER10_ISR
003d805d   _USER11_ISR
003d8062   _USER12_ISR
003d8067   _PDPINTA_ISR
003d806c   _PDPINTB_ISR
003d8071   _XINT1_ISR
003d8076   _XINT2_ISR
003d807b   _ADCINT_ISR
003d8080   _TINT0_ISR
003d8085   _WAKEINT_ISR
003d808a   _CMP1INT_ISR
003d808f   _CMP2INT_ISR
003d8094   _CMP3INT_ISR
003d8099   _T1PINT_ISR
003d809e   _T1CINT_ISR
003d80a3   _T1UFINT_ISR
003d80a8   _T1OFINT_ISR
003d80ad   _T2PINT_ISR
003d80b2   _T2CINT_ISR
003d80b7   _T2UFINT_ISR
003d80bc   _T2OFINT_ISR
003d80c1   _CAPINT1_ISR
003d80c6   _CAPINT2_ISR
003d80cb   _CAPINT3_ISR
003d80d0   _CMP4INT_ISR
003d80d5   _CMP5INT_ISR
003d80da   _CMP6INT_ISR
003d80df   _T3PINT_ISR
003d80e4   _T3CINT_ISR
003d80e9   _T3UFINT_ISR
003d80ee   _T3OFINT_ISR
003d80f3   _T4PINT_ISR
003d80f8   _T4CINT_ISR
003d80fd   _T4UFINT_ISR
003d8102   _T4OFINT_ISR
003d8107   _CAPINT4_ISR
003d810c   _CAPINT5_ISR
003d8111   _CAPINT6_ISR
003d8116   _SPIRXINTA_ISR
003d811b   _SPITXINTA_ISR
003d8120   _MRINTA_ISR
003d8125   _MXINTA_ISR
003d812a   _SCIRXINTA_ISR
003d812f   _SCITXINTA_ISR
003d8134   _SCIRXINTB_ISR
003d8139   _SCITXINTB_ISR
003d813e   _ECAN0INTA_ISR
003d8143   _ECAN1INTA_ISR
003d8148   _EMPTY_ISR
003d814d   _PIE_RESERVED
003d8152   _rsvd_ISR
003d8157   _MemCopy
003d816c   _InitPieCtrl
003d818b   _EnableInterrupts
003d8194   _InitPieVectTable
003d81b4   _InitSysCtrl
003d81c6   _DisableDog
003d81ce   _KickDog
003d81d8   _InitPll
003d81f3   _InitPeripheralClocks
003d820d   _CsmUnlock
003d823e   _Init_XINTF
003d825f   _Write_RAM
003d826a   _Read_RAM
003d8273   _WriteDat
003d8290   _Unpack
003d82ed   _A_Pack
003d831c   _B_Pack
003d834b   _main
003d83b7   _Init_LED
003d83c3   _CRC16
003d83e8   _systemExternalInterruptInit
003d83f4   _system_external_interrupt0_isr
003d840c   _system_external_interrupt1_isr
003d8424   _systemExternalInterruptHandle
003d845b   _systemExternalInterrupt2Handle
003d8471   _systemInterruptEnable
003d8485   _c_int00
003d84c9   _exit
003d84ef   C$$EXIT
003d84f1   _atexit
003d8512   _abort
003d8513   __nop
003d8514   __register_lock
003d8518   __register_unlock
003d851c   __args_main
003d8530   _PieVectTableInit
003d8530   ___etext__
003d8530   etext
003d8634   ___cinit__
003d8634   cinit
003d8659   _RamfuncsLoadStart
003d8676   _RamfuncsLoadEnd
003f7ff8   _CsmPwl
ffffffff   pinit
ffffffff   ___c_args__
ffffffff   ___binit__
ffffffff   binit
ffffffff   ___pinit__

[163 symbols]
